// Jest Snapshot v1, https://goo.gl/fbAQLP

exports[`Header component test 1`] = `
<div>
  <h1>
    Expense Tracker
  </h1>
  <[object Object]
    exact={true}
    to="/"
  >
    Dashboard
  </[object Object]>
  <[object Object]
    exact={true}
    to="/create"
  >
    Create Expense
  </[object Object]>
  <[object Object]
    exact={true}
    to="/help"
  >
    Help
  </[object Object]>
</div>
`;
